DATA CONSUMED AUDIT REPORT
Generated: 2026-07-22T02:19:36

Image files checked: 240
Indexed images checked: 240
Issues found: 480

Issues:
1. [ERROR] image_to_index_mapping | 0046be21__all_markers_shot_20260528_145221.jpg
   No consumption record was found for this image stem.
2. [ERROR] image_to_index_mapping | 01fd2caf__all_markers_shot_20260519_165109.jpg
   No consumption record was found for this image stem.
3. [ERROR] image_to_index_mapping | 0287feb9__all_markers_shot_20260519_143742.jpg
   No consumption record was found for this image stem.
4. [ERROR] image_to_index_mapping | 02b6ee53__all_markers_shot_20260528_140549.jpg
   No consumption record was found for this image stem.
5. [ERROR] image_to_index_mapping | 0339f0de__all_markers_shot_20260519_160621.jpg
   No consumption record was found for this image stem.
6. [ERROR] image_to_index_mapping | 035e4713__all_markers_shot_20260528_140833.jpg
   No consumption record was found for this image stem.
7. [ERROR] image_to_index_mapping | 038be616__all_markers_shot_20260528_141313.jpg
   No consumption record was found for this image stem.
8. [ERROR] image_to_index_mapping | 03b90172__all_markers_shot_20260528_142837.jpg
   No consumption record was found for this image stem.
9. [ERROR] image_to_index_mapping | 03c3ea1c__all_markers_shot_20260519_144512.jpg
   No consumption record was found for this image stem.
10. [ERROR] image_to_index_mapping | 0400c542__all_markers_shot_20260519_163940.jpg
   No consumption record was found for this image stem.
11. [ERROR] image_to_index_mapping | 04157e39__all_markers_shot_20260519_153221.jpg
   No consumption record was found for this image stem.
12. [ERROR] image_to_index_mapping | 05cac8a1__all_markers_shot_20260528_143735.jpg
   No consumption record was found for this image stem.
13. [ERROR] image_to_index_mapping | 0a41f707__all_markers_shot_20260519_153526.jpg
   No consumption record was found for this image stem.
14. [ERROR] image_to_index_mapping | 0a5e6c40__all_markers_shot_20260528_142155.jpg
   No consumption record was found for this image stem.
15. [ERROR] image_to_index_mapping | 0a5ec2d2__all_markers_shot_20260528_141750.jpg
   No consumption record was found for this image stem.
16. [ERROR] image_to_index_mapping | 0b92396b__all_markers_shot_20260519_164945.jpg
   No consumption record was found for this image stem.
17. [ERROR] image_to_index_mapping | 0bbe7ab7__all_markers_shot_20260519_155956.jpg
   No consumption record was found for this image stem.
18. [ERROR] image_to_index_mapping | 0ce9823c__all_markers_shot_20260528_144008.jpg
   No consumption record was found for this image stem.
19. [ERROR] image_to_index_mapping | 0d81c96f__all_markers_shot_20260528_151224.jpg
   No consumption record was found for this image stem.
20. [ERROR] image_to_index_mapping | 0efd5373__all_markers_shot_20260528_142800.jpg
   No consumption record was found for this image stem.
21. [ERROR] image_to_index_mapping | 0f718331__all_markers_shot_20260519_145218.jpg
   No consumption record was found for this image stem.
22. [ERROR] image_to_index_mapping | 100436aa__all_markers_shot_20260519_155208.jpg
   No consumption record was found for this image stem.
23. [ERROR] image_to_index_mapping | 10860282__all_markers_shot_20260519_155046.jpg
   No consumption record was found for this image stem.
24. [ERROR] image_to_index_mapping | 10cb2adb__all_markers_shot_20260519_142948.jpg
   No consumption record was found for this image stem.
25. [ERROR] image_to_index_mapping | 1131806c__all_markers_shot_20260519_142452.jpg
   No consumption record was found for this image stem.
26. [ERROR] image_to_index_mapping | 12ada550__all_markers_shot_20260519_145921.jpg
   No consumption record was found for this image stem.
27. [ERROR] image_to_index_mapping | 13d3da77__all_markers_shot_20260519_144013.jpg
   No consumption record was found for this image stem.
28. [ERROR] image_to_index_mapping | 174d396a__all_markers_shot_20260519_153357.jpg
   No consumption record was found for this image stem.
29. [ERROR] image_to_index_mapping | 18e70c17__all_markers_shot_20260519_161134.jpg
   No consumption record was found for this image stem.
30. [ERROR] image_to_index_mapping | 191a77d7__all_markers_shot_20260519_161555.jpg
   No consumption record was found for this image stem.
31. [ERROR] image_to_index_mapping | 19c6f505__all_markers_shot_20260528_145103.jpg
   No consumption record was found for this image stem.
32. [ERROR] image_to_index_mapping | 1b529f5a__all_markers_shot_20260528_152335.jpg
   No consumption record was found for this image stem.
33. [ERROR] image_to_index_mapping | 1c8d935a__all_markers_shot_20260528_142624.jpg
   No consumption record was found for this image stem.
34. [ERROR] image_to_index_mapping | 1e39cc79__all_markers_shot_20260528_150844.jpg
   No consumption record was found for this image stem.
35. [ERROR] image_to_index_mapping | 204ddf34__all_markers_shot_20260519_163245.jpg
   No consumption record was found for this image stem.
36. [ERROR] image_to_index_mapping | 2281dc14__all_markers_shot_20260519_160745.jpg
   No consumption record was found for this image stem.
37. [ERROR] image_to_index_mapping | 23ab4170__all_markers_shot_20260528_153819.jpg
   No consumption record was found for this image stem.
38. [ERROR] image_to_index_mapping | 2413cfbb__all_markers_shot_20260528_143444.jpg
   No consumption record was found for this image stem.
39. [ERROR] image_to_index_mapping | 24943a73__all_markers_shot_20260519_163545.jpg
   No consumption record was found for this image stem.
40. [ERROR] image_to_index_mapping | 249aa039__all_markers_shot_20260528_151817.jpg
   No consumption record was found for this image stem.
41. [ERROR] image_to_index_mapping | 25756862__all_markers_shot_20260528_152505.jpg
   No consumption record was found for this image stem.
42. [ERROR] image_to_index_mapping | 26ce0986__all_markers_shot_20260528_154242.jpg
   No consumption record was found for this image stem.
43. [ERROR] image_to_index_mapping | 29843481__all_markers_shot_20260528_144318.jpg
   No consumption record was found for this image stem.
44. [ERROR] image_to_index_mapping | 2ad6b1d3__all_markers_shot_20260519_141613.jpg
   No consumption record was found for this image stem.
45. [ERROR] image_to_index_mapping | 2b064cae__all_markers_shot_20260519_160821.jpg
   No consumption record was found for this image stem.
46. [ERROR] image_to_index_mapping | 2c731317__all_markers_shot_20260519_143349.jpg
   No consumption record was found for this image stem.
47. [ERROR] image_to_index_mapping | 2dca8626__all_markers_shot_20260519_161730.jpg
   No consumption record was found for this image stem.
48. [ERROR] image_to_index_mapping | 2e7ca4a9__all_markers_shot_20260519_165159.jpg
   No consumption record was found for this image stem.
49. [ERROR] image_to_index_mapping | 2f5e3587__all_markers_shot_20260528_150411.jpg
   No consumption record was found for this image stem.
50. [ERROR] image_to_index_mapping | 3010b264__all_markers_shot_20260528_154945.jpg
   No consumption record was found for this image stem.
51. [ERROR] image_to_index_mapping | 30af4b0e__all_markers_shot_20260519_141508.jpg
   No consumption record was found for this image stem.
52. [ERROR] image_to_index_mapping | 30d8ba12__all_markers_shot_20260519_145855.jpg
   No consumption record was found for this image stem.
53. [ERROR] image_to_index_mapping | 3100ec85__all_markers_shot_20260519_160313.jpg
   No consumption record was found for this image stem.
54. [ERROR] image_to_index_mapping | 3296d971__all_markers_shot_20260528_151841.jpg
   No consumption record was found for this image stem.
55. [ERROR] image_to_index_mapping | 3327ac7a__all_markers_shot_20260519_161238.jpg
   No consumption record was found for this image stem.
56. [ERROR] image_to_index_mapping | 3339f834__all_markers_shot_20260528_150617.jpg
   No consumption record was found for this image stem.
57. [ERROR] image_to_index_mapping | 35503da5__all_markers_shot_20260528_153012.jpg
   No consumption record was found for this image stem.
58. [ERROR] image_to_index_mapping | 37bf9fb7__all_markers_shot_20260519_164242.jpg
   No consumption record was found for this image stem.
59. [ERROR] image_to_index_mapping | 38911a56__all_markers_shot_20260519_161440.jpg
   No consumption record was found for this image stem.
60. [ERROR] image_to_index_mapping | 391cf2f7__all_markers_shot_20260519_142744.jpg
   No consumption record was found for this image stem.
61. [ERROR] image_to_index_mapping | 3c61e448__all_markers_shot_20260519_164014.jpg
   No consumption record was found for this image stem.
62. [ERROR] image_to_index_mapping | 3d22a3f9__all_markers_shot_20260528_141835.jpg
   No consumption record was found for this image stem.
63. [ERROR] image_to_index_mapping | 3d81c928__all_markers_shot_20260519_161345.jpg
   No consumption record was found for this image stem.
64. [ERROR] image_to_index_mapping | 3de2632d__all_markers_shot_20260519_154149.jpg
   No consumption record was found for this image stem.
65. [ERROR] image_to_index_mapping | 3e0a870c__all_markers_shot_20260519_160531.jpg
   No consumption record was found for this image stem.
66. [ERROR] image_to_index_mapping | 3f829b7b__all_markers_shot_20260528_143542.jpg
   No consumption record was found for this image stem.
67. [ERROR] image_to_index_mapping | 3f8b9324__all_markers_shot_20260519_153554.jpg
   No consumption record was found for this image stem.
68. [ERROR] image_to_index_mapping | 421c13f9__all_markers_shot_20260528_145444.jpg
   No consumption record was found for this image stem.
69. [ERROR] image_to_index_mapping | 432f7abb__all_markers_shot_20260528_145755.jpg
   No consumption record was found for this image stem.
70. [ERROR] image_to_index_mapping | 44b4402a__all_markers_shot_20260519_141650.jpg
   No consumption record was found for this image stem.
71. [ERROR] image_to_index_mapping | 45760849__all_markers_shot_20260528_151643.jpg
   No consumption record was found for this image stem.
72. [ERROR] image_to_index_mapping | 4a8d485c__all_markers_shot_20260519_154227.jpg
   No consumption record was found for this image stem.
73. [ERROR] image_to_index_mapping | 4b1942e3__all_markers_shot_20260519_162238.jpg
   No consumption record was found for this image stem.
74. [ERROR] image_to_index_mapping | 4b7e1c26__all_markers_shot_20260528_154910.jpg
   No consumption record was found for this image stem.
75. [ERROR] image_to_index_mapping | 4ccd2489__all_markers_shot_20260519_142049.jpg
   No consumption record was found for this image stem.
76. [ERROR] image_to_index_mapping | 4cebfdc3__all_markers_shot_20260528_142307.jpg
   No consumption record was found for this image stem.
77. [ERROR] image_to_index_mapping | 4f98382e__all_markers_shot_20260528_154312.jpg
   No consumption record was found for this image stem.
78. [ERROR] image_to_index_mapping | 4fadaca0__all_markers_shot_20260528_151421.jpg
   No consumption record was found for this image stem.
79. [ERROR] image_to_index_mapping | 50903178__all_markers_shot_20260519_163352.jpg
   No consumption record was found for this image stem.
80. [ERROR] image_to_index_mapping | 50cf74fb__all_markers_shot_20260528_145749.jpg
   No consumption record was found for this image stem.
81. [ERROR] image_to_index_mapping | 515f5fd6__all_markers_shot_20260519_155714.jpg
   No consumption record was found for this image stem.
82. [ERROR] image_to_index_mapping | 516a0ea9__all_markers_shot_20260528_143923.jpg
   No consumption record was found for this image stem.
83. [ERROR] image_to_index_mapping | 51dee986__all_markers_shot_20260528_151329.jpg
   No consumption record was found for this image stem.
84. [ERROR] image_to_index_mapping | 530351b3__all_markers_shot_20260528_152218.jpg
   No consumption record was found for this image stem.
85. [ERROR] image_to_index_mapping | 53832e9f__all_markers_shot_20260528_153223.jpg
   No consumption record was found for this image stem.
86. [ERROR] image_to_index_mapping | 55a380e9__all_markers_shot_20260519_163607.jpg
   No consumption record was found for this image stem.
87. [ERROR] image_to_index_mapping | 5707c1a3__all_markers_shot_20260519_153953.jpg
   No consumption record was found for this image stem.
88. [ERROR] image_to_index_mapping | 57518301__all_markers_shot_20260528_143205.jpg
   No consumption record was found for this image stem.
89. [ERROR] image_to_index_mapping | 5a0ae358__all_markers_shot_20260528_155134.jpg
   No consumption record was found for this image stem.
90. [ERROR] image_to_index_mapping | 5a83db75__all_markers_shot_20260528_141142.jpg
   No consumption record was found for this image stem.
91. [ERROR] image_to_index_mapping | 5b2fdbf3__all_markers_shot_20260528_141439.jpg
   No consumption record was found for this image stem.
92. [ERROR] image_to_index_mapping | 5be4e9ea__all_markers_shot_20260519_163311.jpg
   No consumption record was found for this image stem.
93. [ERROR] image_to_index_mapping | 5be74aa1__all_markers_shot_20260519_164839.jpg
   No consumption record was found for this image stem.
94. [ERROR] image_to_index_mapping | 5ccf028f__all_markers_shot_20260519_145134.jpg
   No consumption record was found for this image stem.
95. [ERROR] image_to_index_mapping | 5f772a02__all_markers_shot_20260528_155020.jpg
   No consumption record was found for this image stem.
96. [ERROR] image_to_index_mapping | 5faa75a8__all_markers_shot_20260528_144249.jpg
   No consumption record was found for this image stem.
97. [ERROR] image_to_index_mapping | 60d91aeb__all_markers_shot_20260519_142638.jpg
   No consumption record was found for this image stem.
98. [ERROR] image_to_index_mapping | 6204b009__all_markers_shot_20260528_152429.jpg
   No consumption record was found for this image stem.
99. [ERROR] image_to_index_mapping | 625dd1b1__all_markers_shot_20260519_164201.jpg
   No consumption record was found for this image stem.
100. [ERROR] image_to_index_mapping | 637c6426__all_markers_shot_20260519_153338.jpg
   No consumption record was found for this image stem.
101. [ERROR] image_to_index_mapping | 638e7238__all_markers_shot_20260519_153706.jpg
   No consumption record was found for this image stem.
102. [ERROR] image_to_index_mapping | 63b929c1__all_markers_shot_20260519_154945.jpg
   No consumption record was found for this image stem.
103. [ERROR] image_to_index_mapping | 648ce97f__all_markers_shot_20260519_154013.jpg
   No consumption record was found for this image stem.
104. [ERROR] image_to_index_mapping | 6563bf96__all_markers_shot_20260528_143251.jpg
   No consumption record was found for this image stem.
105. [ERROR] image_to_index_mapping | 681a5ad5__all_markers_shot_20260519_165612.jpg
   No consumption record was found for this image stem.
106. [ERROR] image_to_index_mapping | 68c15968__all_markers_shot_20260519_143242.jpg
   No consumption record was found for this image stem.
107. [ERROR] image_to_index_mapping | 68ebe3f2__all_markers_shot_20260528_143834.jpg
   No consumption record was found for this image stem.
108. [ERROR] image_to_index_mapping | 68f766e3__all_markers_shot_20260519_150121.jpg
   No consumption record was found for this image stem.
109. [ERROR] image_to_index_mapping | 6b8fad50__all_markers_shot_20260528_151459.jpg
   No consumption record was found for this image stem.
110. [ERROR] image_to_index_mapping | 6cd731ac__all_markers_shot_20260519_164456.jpg
   No consumption record was found for this image stem.
111. [ERROR] image_to_index_mapping | 6e57d60e__all_markers_shot_20260519_155014.jpg
   No consumption record was found for this image stem.
112. [ERROR] image_to_index_mapping | 6fd2024e__all_markers_shot_20260519_141957.jpg
   No consumption record was found for this image stem.
113. [ERROR] image_to_index_mapping | 70b9f513__all_markers_shot_20260519_155914.jpg
   No consumption record was found for this image stem.
114. [ERROR] image_to_index_mapping | 72bce9e7__all_markers_shot_20260528_155209.jpg
   No consumption record was found for this image stem.
115. [ERROR] image_to_index_mapping | 771108a1__all_markers_shot_20260528_142411.jpg
   No consumption record was found for this image stem.
116. [ERROR] image_to_index_mapping | 781ed2ca__all_markers_shot_20260528_143349.jpg
   No consumption record was found for this image stem.
117. [ERROR] image_to_index_mapping | 787b2a58__all_markers_shot_20260528_154324.jpg
   No consumption record was found for this image stem.
118. [ERROR] image_to_index_mapping | 792638b8__all_markers_shot_20260519_144320.jpg
   No consumption record was found for this image stem.
119. [ERROR] image_to_index_mapping | 7b6757f4__all_markers_shot_20260519_164117.jpg
   No consumption record was found for this image stem.
120. [ERROR] image_to_index_mapping | 7cb41ed9__all_markers_shot_20260519_160931.jpg
   No consumption record was found for this image stem.
121. [ERROR] image_to_index_mapping | 7cb4749b__all_markers_shot_20260528_154034.jpg
   No consumption record was found for this image stem.
122. [ERROR] image_to_index_mapping | 7d071614__all_markers_shot_20260528_143013.jpg
   No consumption record was found for this image stem.
123. [ERROR] image_to_index_mapping | 7d87ae71__all_markers_shot_20260528_140442.jpg
   No consumption record was found for this image stem.
124. [ERROR] image_to_index_mapping | 7eafd829__all_markers_shot_20260519_143120.jpg
   No consumption record was found for this image stem.
125. [ERROR] image_to_index_mapping | 7f604e86__all_markers_shot_20260528_141245.jpg
   No consumption record was found for this image stem.
126. [ERROR] image_to_index_mapping | 7f836f60__all_markers_shot_20260528_153923.jpg
   No consumption record was found for this image stem.
127. [ERROR] image_to_index_mapping | 803ccc97__all_markers_shot_20260519_145557.jpg
   No consumption record was found for this image stem.
128. [ERROR] image_to_index_mapping | 80c7a0cf__all_markers_shot_20260519_150202.jpg
   No consumption record was found for this image stem.
129. [ERROR] image_to_index_mapping | 8182f028__all_markers_shot_20260528_142423.jpg
   No consumption record was found for this image stem.
130. [ERROR] image_to_index_mapping | 81eb4525__all_markers_shot_20260519_145328.jpg
   No consumption record was found for this image stem.
131. [ERROR] image_to_index_mapping | 84cc41fd__all_markers_shot_20260519_150223.jpg
   No consumption record was found for this image stem.
132. [ERROR] image_to_index_mapping | 87f3f88b__all_markers_shot_20260519_143020.jpg
   No consumption record was found for this image stem.
133. [ERROR] image_to_index_mapping | 886259b8__all_markers_shot_20260528_141804.jpg
   No consumption record was found for this image stem.
134. [ERROR] image_to_index_mapping | 890ec062__all_markers_shot_20260519_141858.jpg
   No consumption record was found for this image stem.
135. [ERROR] image_to_index_mapping | 89c2d4ea__all_markers_shot_20260528_145312.jpg
   No consumption record was found for this image stem.
136. [ERROR] image_to_index_mapping | 8a78e32b__all_markers_shot_20260519_165527.jpg
   No consumption record was found for this image stem.
137. [ERROR] image_to_index_mapping | 8ac9f92c__all_markers_shot_20260519_163155.jpg
   No consumption record was found for this image stem.
138. [ERROR] image_to_index_mapping | 8c135fc8__all_markers_shot_20260519_153825.jpg
   No consumption record was found for this image stem.
139. [ERROR] image_to_index_mapping | 8c6eb6b9__all_markers_shot_20260519_155340.jpg
   No consumption record was found for this image stem.
140. [ERROR] image_to_index_mapping | 8d774988__all_markers_shot_20260519_145832.jpg
   No consumption record was found for this image stem.
141. [ERROR] image_to_index_mapping | 8e88efdb__all_markers_shot_20260519_162258.jpg
   No consumption record was found for this image stem.
142. [ERROR] image_to_index_mapping | 8ecf688f__all_markers_shot_20260519_160655.jpg
   No consumption record was found for this image stem.
143. [ERROR] image_to_index_mapping | 8f348e7e__all_markers_shot_20260519_163827.jpg
   No consumption record was found for this image stem.
144. [ERROR] image_to_index_mapping | 8f3f934e__all_markers_shot_20260528_144209.jpg
   No consumption record was found for this image stem.
145. [ERROR] image_to_index_mapping | 90296dcd__all_markers_shot_20260519_163428.jpg
   No consumption record was found for this image stem.
146. [ERROR] image_to_index_mapping | 909b6862__all_markers_shot_20260519_155619.jpg
   No consumption record was found for this image stem.
147. [ERROR] image_to_index_mapping | 91809683__all_markers_shot_20260519_144438.jpg
   No consumption record was found for this image stem.
148. [ERROR] image_to_index_mapping | 919ba66d__all_markers_shot_20260519_150457.jpg
   No consumption record was found for this image stem.
149. [ERROR] image_to_index_mapping | 91c042f5__all_markers_shot_20260528_150931.jpg
   No consumption record was found for this image stem.
150. [ERROR] image_to_index_mapping | 9309cea8__all_markers_shot_20260519_155139.jpg
   No consumption record was found for this image stem.
151. [ERROR] image_to_index_mapping | 936e16af__all_markers_shot_20260519_145308.jpg
   No consumption record was found for this image stem.
152. [ERROR] image_to_index_mapping | 93e175f2__all_markers_shot_20260528_143813.jpg
   No consumption record was found for this image stem.
153. [ERROR] image_to_index_mapping | 94099e73__all_markers_shot_20260528_151042.jpg
   No consumption record was found for this image stem.
154. [ERROR] image_to_index_mapping | 941aa4ed__all_markers_shot_20260528_144649.jpg
   No consumption record was found for this image stem.
155. [ERROR] image_to_index_mapping | 94d8e5d4__all_markers_shot_20260519_154626.jpg
   No consumption record was found for this image stem.
156. [ERROR] image_to_index_mapping | 95f032a7__all_markers_shot_20260528_143045.jpg
   No consumption record was found for this image stem.
157. [ERROR] image_to_index_mapping | 97b9cea3__all_markers_shot_20260519_160232.jpg
   No consumption record was found for this image stem.
158. [ERROR] image_to_index_mapping | 97ecc04d__all_markers_shot_20260519_144922.jpg
   No consumption record was found for this image stem.
159. [ERROR] image_to_index_mapping | 98615d46__all_markers_shot_20260519_142311.jpg
   No consumption record was found for this image stem.
160. [ERROR] image_to_index_mapping | 99c9a6ce__all_markers_shot_20260528_142350.jpg
   No consumption record was found for this image stem.
161. [ERROR] image_to_index_mapping | 9a7df706__all_markers_shot_20260528_151610.jpg
   No consumption record was found for this image stem.
162. [ERROR] image_to_index_mapping | 9bc5a773__all_markers_shot_20260519_145025.jpg
   No consumption record was found for this image stem.
163. [ERROR] image_to_index_mapping | 9d8fd3ce__all_markers_shot_20260528_152030.jpg
   No consumption record was found for this image stem.
164. [ERROR] image_to_index_mapping | 9e4a27f5__all_markers_shot_20260528_153509.jpg
   No consumption record was found for this image stem.
165. [ERROR] image_to_index_mapping | a06fa13d__all_markers_shot_20260528_144429.jpg
   No consumption record was found for this image stem.
166. [ERROR] image_to_index_mapping | a3c752d5__all_markers_shot_20260528_141043.jpg
   No consumption record was found for this image stem.
167. [ERROR] image_to_index_mapping | a6e3a794__all_markers_shot_20260519_144422.jpg
   No consumption record was found for this image stem.
168. [ERROR] image_to_index_mapping | aa4c0fa6__all_markers_shot_20260528_151929.jpg
   No consumption record was found for this image stem.
169. [ERROR] image_to_index_mapping | aa5ca5b3__all_markers_shot_20260519_163501.jpg
   No consumption record was found for this image stem.
170. [ERROR] image_to_index_mapping | aa90cb9e__all_markers_shot_20260528_145144.jpg
   No consumption record was found for this image stem.
171. [ERROR] image_to_index_mapping | ab56087d__all_markers_shot_20260519_161830.jpg
   No consumption record was found for this image stem.
172. [ERROR] image_to_index_mapping | ad23884e__all_markers_shot_20260519_165726.jpg
   No consumption record was found for this image stem.
173. [ERROR] image_to_index_mapping | aec1e588__all_markers_shot_20260528_144955.jpg
   No consumption record was found for this image stem.
174. [ERROR] image_to_index_mapping | b3af0f97__all_markers_shot_20260528_151733.jpg
   No consumption record was found for this image stem.
175. [ERROR] image_to_index_mapping | b4a0ded2__all_markers_shot_20260519_144128.jpg
   No consumption record was found for this image stem.
176. [ERROR] image_to_index_mapping | b6798d6b__all_markers_shot_20260519_142554.jpg
   No consumption record was found for this image stem.
177. [ERROR] image_to_index_mapping | b6e23722__all_markers_shot_20260519_145708.jpg
   No consumption record was found for this image stem.
178. [ERROR] image_to_index_mapping | b709b993__all_markers_shot_20260528_140658.jpg
   No consumption record was found for this image stem.
179. [ERROR] image_to_index_mapping | b842a783__all_markers_shot_20260519_143257.jpg
   No consumption record was found for this image stem.
180. [ERROR] image_to_index_mapping | b8a1b9dc__all_markers_shot_20260528_144807.jpg
   No consumption record was found for this image stem.
181. [ERROR] image_to_index_mapping | bd250bbf__all_markers_shot_20260519_164334.jpg
   No consumption record was found for this image stem.
182. [ERROR] image_to_index_mapping | bf31245f__all_markers_shot_20260519_144603.jpg
   No consumption record was found for this image stem.
183. [ERROR] image_to_index_mapping | bf617a9d__all_markers_shot_20260519_162017.jpg
   No consumption record was found for this image stem.
184. [ERROR] image_to_index_mapping | c1ab7472__all_markers_shot_20260519_160502.jpg
   No consumption record was found for this image stem.
185. [ERROR] image_to_index_mapping | c1b0feeb__all_markers_shot_20260519_155853.jpg
   No consumption record was found for this image stem.
186. [ERROR] image_to_index_mapping | c1f8ed06__all_markers_shot_20260528_154156.jpg
   No consumption record was found for this image stem.
187. [ERROR] image_to_index_mapping | c9c43f89__all_markers_shot_20260528_145645.jpg
   No consumption record was found for this image stem.
188. [ERROR] image_to_index_mapping | ca4cb9e7__all_markers_shot_20260519_163636.jpg
   No consumption record was found for this image stem.
189. [ERROR] image_to_index_mapping | cbdad753__all_markers_shot_20260519_145414.jpg
   No consumption record was found for this image stem.
190. [ERROR] image_to_index_mapping | cc189fc4__all_markers_shot_20260528_144718.jpg
   No consumption record was found for this image stem.
191. [ERROR] image_to_index_mapping | cc507cb0__all_markers_shot_20260528_145423.jpg
   No consumption record was found for this image stem.
192. [ERROR] image_to_index_mapping | ccbfe447__all_markers_shot_20260519_141216.jpg
   No consumption record was found for this image stem.
193. [ERROR] image_to_index_mapping | cd80986e__all_markers_shot_20260528_150227.jpg
   No consumption record was found for this image stem.
194. [ERROR] image_to_index_mapping | cdc403e2__all_markers_shot_20260528_144129.jpg
   No consumption record was found for this image stem.
195. [ERROR] image_to_index_mapping | cdcb9ea8__all_markers_shot_20260519_150314.jpg
   No consumption record was found for this image stem.
196. [ERROR] image_to_index_mapping | cf7b727f__all_markers_shot_20260528_144622.jpg
   No consumption record was found for this image stem.
197. [ERROR] image_to_index_mapping | cff0d837__all_markers_shot_20260528_140355.jpg
   No consumption record was found for this image stem.
198. [ERROR] image_to_index_mapping | d03b41fd__all_markers_shot_20260519_162156.jpg
   No consumption record was found for this image stem.
199. [ERROR] image_to_index_mapping | d074e027__all_markers_shot_20260519_154809.jpg
   No consumption record was found for this image stem.
200. [ERROR] image_to_index_mapping | d4025fcc__all_markers_shot_20260528_145544.jpg
   No consumption record was found for this image stem.
201. [ERROR] image_to_index_mapping | d5827353__all_markers_shot_20260519_161032.jpg
   No consumption record was found for this image stem.
202. [ERROR] image_to_index_mapping | d65d84c6__all_markers_shot_20260528_150802.jpg
   No consumption record was found for this image stem.
203. [ERROR] image_to_index_mapping | d8ff2d63__all_markers_shot_20260528_142925.jpg
   No consumption record was found for this image stem.
204. [ERROR] image_to_index_mapping | d968dd48__all_markers_shot_20260519_154511.jpg
   No consumption record was found for this image stem.
205. [ERROR] image_to_index_mapping | dd0365ec__all_markers_shot_20260528_150117.jpg
   No consumption record was found for this image stem.
206. [ERROR] image_to_index_mapping | ddd57a78__all_markers_shot_20260519_153321.jpg
   No consumption record was found for this image stem.
207. [ERROR] image_to_index_mapping | df670573__all_markers_shot_20260528_150854.jpg
   No consumption record was found for this image stem.
208. [ERROR] image_to_index_mapping | df78a1eb__all_markers_shot_20260519_142355.jpg
   No consumption record was found for this image stem.
209. [ERROR] image_to_index_mapping | e2268910__all_markers_shot_20260519_165756.jpg
   No consumption record was found for this image stem.
210. [ERROR] image_to_index_mapping | e26d1d5c__all_markers_shot_20260519_165026.jpg
   No consumption record was found for this image stem.
211. [ERROR] image_to_index_mapping | e3b4969b__all_markers_shot_20260528_153130.jpg
   No consumption record was found for this image stem.
212. [ERROR] image_to_index_mapping | e5400541__all_markers_shot_20260528_154215.jpg
   No consumption record was found for this image stem.
213. [ERROR] image_to_index_mapping | e664b8c9__all_markers_shot_20260528_145950.jpg
   No consumption record was found for this image stem.
214. [ERROR] image_to_index_mapping | e67d4982__all_markers_shot_20260528_141825.jpg
   No consumption record was found for this image stem.
215. [ERROR] image_to_index_mapping | e84b1c82__all_markers_shot_20260528_150525.jpg
   No consumption record was found for this image stem.
216. [ERROR] image_to_index_mapping | e89917a9__all_markers_shot_20260528_150159.jpg
   No consumption record was found for this image stem.
217. [ERROR] image_to_index_mapping | ea15c184__all_markers_shot_20260519_165315.jpg
   No consumption record was found for this image stem.
218. [ERROR] image_to_index_mapping | ea3cc86a__all_markers_shot_20260528_153206.jpg
   No consumption record was found for this image stem.
219. [ERROR] image_to_index_mapping | ea517679__all_markers_shot_20260528_153435.jpg
   No consumption record was found for this image stem.
220. [ERROR] image_to_index_mapping | eae2ebda__all_markers_shot_20260528_150218.jpg
   No consumption record was found for this image stem.
221. [ERROR] image_to_index_mapping | ef1dd3ce__all_markers_shot_20260528_140805.jpg
   No consumption record was found for this image stem.
222. [ERROR] image_to_index_mapping | ef98c35b__all_markers_shot_20260519_143445.jpg
   No consumption record was found for this image stem.
223. [ERROR] image_to_index_mapping | f075e451__all_markers_shot_20260519_161323.jpg
   No consumption record was found for this image stem.
224. [ERROR] image_to_index_mapping | f172d676__all_markers_shot_20260519_155246.jpg
   No consumption record was found for this image stem.
225. [ERROR] image_to_index_mapping | f267323e__all_markers_shot_20260519_162111.jpg
   No consumption record was found for this image stem.
226. [ERROR] image_to_index_mapping | f2f2e075__all_markers_shot_20260528_143427.jpg
   No consumption record was found for this image stem.
227. [ERROR] image_to_index_mapping | f545b273__all_markers_shot_20260528_150102.jpg
   No consumption record was found for this image stem.
228. [ERROR] image_to_index_mapping | f5eacd7e__all_markers_shot_20260528_142654.jpg
   No consumption record was found for this image stem.
229. [ERROR] image_to_index_mapping | f5ead6da__all_markers_shot_20260528_144758.jpg
   No consumption record was found for this image stem.
230. [ERROR] image_to_index_mapping | f8eeb660__all_markers_shot_20260528_153155.jpg
   No consumption record was found for this image stem.
231. [ERROR] image_to_index_mapping | f9141b3c__all_markers_shot_20260528_141635.jpg
   No consumption record was found for this image stem.
232. [ERROR] image_to_index_mapping | f91f219a__all_markers_shot_20260519_145908.jpg
   No consumption record was found for this image stem.
233. [ERROR] image_to_index_mapping | f92fc32a__all_markers_shot_20260528_145831.jpg
   No consumption record was found for this image stem.
234. [ERROR] image_to_index_mapping | f937b220__all_markers_shot_20260528_143641.jpg
   No consumption record was found for this image stem.
235. [ERROR] image_to_index_mapping | fb7a1024__all_markers_shot_20260528_150148.jpg
   No consumption record was found for this image stem.
236. [ERROR] image_to_index_mapping | fbd646b4__all_markers_shot_20260519_142232.jpg
   No consumption record was found for this image stem.
237. [ERROR] image_to_index_mapping | fdad2062__all_markers_shot_20260519_165423.jpg
   No consumption record was found for this image stem.
238. [ERROR] image_to_index_mapping | fdf09e6c__all_markers_shot_20260519_163718.jpg
   No consumption record was found for this image stem.
239. [ERROR] image_to_index_mapping | fee50051__all_markers_shot_20260519_153910.jpg
   No consumption record was found for this image stem.
240. [ERROR] image_to_index_mapping | ff0fc3f5__all_markers_shot_20260528_141336.jpg
   No consumption record was found for this image stem.
241. [ERROR] image_to_index_mapping | all_markers_shot_20260528_150411
   The index contains a record for an image that does not exist on disk.
242. [ERROR] image_to_index_mapping | all_markers_shot_20260528_154910
   The index contains a record for an image that does not exist on disk.
243. [ERROR] image_to_index_mapping | all_markers_shot_20260528_154945
   The index contains a record for an image that does not exist on disk.
244. [ERROR] image_to_index_mapping | all_markers_shot_20260528_155020
   The index contains a record for an image that does not exist on disk.
245. [ERROR] image_to_index_mapping | all_markers_shot_20260528_155134
   The index contains a record for an image that does not exist on disk.
246. [ERROR] image_to_index_mapping | all_markers_shot_20260528_155209
   The index contains a record for an image that does not exist on disk.
247. [ERROR] image_to_index_mapping | all_markers_shot_20260528_145312
   The index contains a record for an image that does not exist on disk.
248. [ERROR] image_to_index_mapping | all_markers_shot_20260528_145444
   The index contains a record for an image that does not exist on disk.
249. [ERROR] image_to_index_mapping | all_markers_shot_20260528_145544
   The index contains a record for an image that does not exist on disk.
250. [ERROR] image_to_index_mapping | all_markers_shot_20260528_145645
   The index contains a record for an image that does not exist on disk.
251. [ERROR] image_to_index_mapping | all_markers_shot_20260528_145749
   The index contains a record for an image that does not exist on disk.
252. [ERROR] image_to_index_mapping | all_markers_shot_20260528_145755
   The index contains a record for an image that does not exist on disk.
253. [ERROR] image_to_index_mapping | all_markers_shot_20260528_145831
   The index contains a record for an image that does not exist on disk.
254. [ERROR] image_to_index_mapping | all_markers_shot_20260528_145950
   The index contains a record for an image that does not exist on disk.
255. [ERROR] image_to_index_mapping | all_markers_shot_20260528_150102
   The index contains a record for an image that does not exist on disk.
256. [ERROR] image_to_index_mapping | all_markers_shot_20260528_150117
   The index contains a record for an image that does not exist on disk.
257. [ERROR] image_to_index_mapping | all_markers_shot_20260528_150148
   The index contains a record for an image that does not exist on disk.
258. [ERROR] image_to_index_mapping | all_markers_shot_20260528_150159
   The index contains a record for an image that does not exist on disk.
259. [ERROR] image_to_index_mapping | all_markers_shot_20260528_150218
   The index contains a record for an image that does not exist on disk.
260. [ERROR] image_to_index_mapping | all_markers_shot_20260528_150227
   The index contains a record for an image that does not exist on disk.
261. [ERROR] image_to_index_mapping | all_markers_shot_20260528_143834
   The index contains a record for an image that does not exist on disk.
262. [ERROR] image_to_index_mapping | all_markers_shot_20260528_143923
   The index contains a record for an image that does not exist on disk.
263. [ERROR] image_to_index_mapping | all_markers_shot_20260528_144008
   The index contains a record for an image that does not exist on disk.
264. [ERROR] image_to_index_mapping | all_markers_shot_20260528_144129
   The index contains a record for an image that does not exist on disk.
265. [ERROR] image_to_index_mapping | all_markers_shot_20260528_144209
   The index contains a record for an image that does not exist on disk.
266. [ERROR] image_to_index_mapping | all_markers_shot_20260528_144249
   The index contains a record for an image that does not exist on disk.
267. [ERROR] image_to_index_mapping | all_markers_shot_20260528_144318
   The index contains a record for an image that does not exist on disk.
268. [ERROR] image_to_index_mapping | all_markers_shot_20260528_144429
   The index contains a record for an image that does not exist on disk.
269. [ERROR] image_to_index_mapping | all_markers_shot_20260528_144622
   The index contains a record for an image that does not exist on disk.
270. [ERROR] image_to_index_mapping | all_markers_shot_20260528_144649
   The index contains a record for an image that does not exist on disk.
271. [ERROR] image_to_index_mapping | all_markers_shot_20260528_144718
   The index contains a record for an image that does not exist on disk.
272. [ERROR] image_to_index_mapping | all_markers_shot_20260528_144758
   The index contains a record for an image that does not exist on disk.
273. [ERROR] image_to_index_mapping | all_markers_shot_20260528_144807
   The index contains a record for an image that does not exist on disk.
274. [ERROR] image_to_index_mapping | all_markers_shot_20260528_144955
   The index contains a record for an image that does not exist on disk.
275. [ERROR] image_to_index_mapping | all_markers_shot_20260528_145103
   The index contains a record for an image that does not exist on disk.
276. [ERROR] image_to_index_mapping | all_markers_shot_20260528_145144
   The index contains a record for an image that does not exist on disk.
277. [ERROR] image_to_index_mapping | all_markers_shot_20260528_145221
   The index contains a record for an image that does not exist on disk.
278. [ERROR] image_to_index_mapping | all_markers_shot_20260528_150525
   The index contains a record for an image that does not exist on disk.
279. [ERROR] image_to_index_mapping | all_markers_shot_20260528_150617
   The index contains a record for an image that does not exist on disk.
280. [ERROR] image_to_index_mapping | all_markers_shot_20260528_150802
   The index contains a record for an image that does not exist on disk.
281. [ERROR] image_to_index_mapping | all_markers_shot_20260528_150844
   The index contains a record for an image that does not exist on disk.
282. [ERROR] image_to_index_mapping | all_markers_shot_20260528_150854
   The index contains a record for an image that does not exist on disk.
283. [ERROR] image_to_index_mapping | all_markers_shot_20260528_150931
   The index contains a record for an image that does not exist on disk.
284. [ERROR] image_to_index_mapping | all_markers_shot_20260528_151042
   The index contains a record for an image that does not exist on disk.
285. [ERROR] image_to_index_mapping | all_markers_shot_20260528_151224
   The index contains a record for an image that does not exist on disk.
286. [ERROR] image_to_index_mapping | all_markers_shot_20260528_151329
   The index contains a record for an image that does not exist on disk.
287. [ERROR] image_to_index_mapping | all_markers_shot_20260528_142654
   The index contains a record for an image that does not exist on disk.
288. [ERROR] image_to_index_mapping | all_markers_shot_20260528_142800
   The index contains a record for an image that does not exist on disk.
289. [ERROR] image_to_index_mapping | all_markers_shot_20260528_142837
   The index contains a record for an image that does not exist on disk.
290. [ERROR] image_to_index_mapping | all_markers_shot_20260528_142925
   The index contains a record for an image that does not exist on disk.
291. [ERROR] image_to_index_mapping | all_markers_shot_20260528_143013
   The index contains a record for an image that does not exist on disk.
292. [ERROR] image_to_index_mapping | all_markers_shot_20260528_143045
   The index contains a record for an image that does not exist on disk.
293. [ERROR] image_to_index_mapping | all_markers_shot_20260528_143205
   The index contains a record for an image that does not exist on disk.
294. [ERROR] image_to_index_mapping | all_markers_shot_20260528_143251
   The index contains a record for an image that does not exist on disk.
295. [ERROR] image_to_index_mapping | all_markers_shot_20260528_143349
   The index contains a record for an image that does not exist on disk.
296. [ERROR] image_to_index_mapping | all_markers_shot_20260528_143427
   The index contains a record for an image that does not exist on disk.
297. [ERROR] image_to_index_mapping | all_markers_shot_20260528_143444
   The index contains a record for an image that does not exist on disk.
298. [ERROR] image_to_index_mapping | all_markers_shot_20260528_143542
   The index contains a record for an image that does not exist on disk.
299. [ERROR] image_to_index_mapping | all_markers_shot_20260528_143641
   The index contains a record for an image that does not exist on disk.
300. [ERROR] image_to_index_mapping | all_markers_shot_20260528_151421
   The index contains a record for an image that does not exist on disk.
301. [ERROR] image_to_index_mapping | all_markers_shot_20260528_151459
   The index contains a record for an image that does not exist on disk.
302. [ERROR] image_to_index_mapping | all_markers_shot_20260528_151610
   The index contains a record for an image that does not exist on disk.
303. [ERROR] image_to_index_mapping | all_markers_shot_20260528_151643
   The index contains a record for an image that does not exist on disk.
304. [ERROR] image_to_index_mapping | all_markers_shot_20260528_151733
   The index contains a record for an image that does not exist on disk.
305. [ERROR] image_to_index_mapping | all_markers_shot_20260528_151817
   The index contains a record for an image that does not exist on disk.
306. [ERROR] image_to_index_mapping | all_markers_shot_20260528_151841
   The index contains a record for an image that does not exist on disk.
307. [ERROR] image_to_index_mapping | all_markers_shot_20260528_151929
   The index contains a record for an image that does not exist on disk.
308. [ERROR] image_to_index_mapping | all_markers_shot_20260528_152030
   The index contains a record for an image that does not exist on disk.
309. [ERROR] image_to_index_mapping | all_markers_shot_20260528_152218
   The index contains a record for an image that does not exist on disk.
310. [ERROR] image_to_index_mapping | all_markers_shot_20260528_152335
   The index contains a record for an image that does not exist on disk.
311. [ERROR] image_to_index_mapping | all_markers_shot_20260528_152429
   The index contains a record for an image that does not exist on disk.
312. [ERROR] image_to_index_mapping | all_markers_shot_20260528_152505
   The index contains a record for an image that does not exist on disk.
313. [ERROR] image_to_index_mapping | all_markers_shot_20260528_143735
   The index contains a record for an image that does not exist on disk.
314. [ERROR] image_to_index_mapping | all_markers_shot_20260528_153012
   The index contains a record for an image that does not exist on disk.
315. [ERROR] image_to_index_mapping | all_markers_shot_20260528_153130
   The index contains a record for an image that does not exist on disk.
316. [ERROR] image_to_index_mapping | all_markers_shot_20260528_153155
   The index contains a record for an image that does not exist on disk.
317. [ERROR] image_to_index_mapping | all_markers_shot_20260528_153206
   The index contains a record for an image that does not exist on disk.
318. [ERROR] image_to_index_mapping | all_markers_shot_20260528_153223
   The index contains a record for an image that does not exist on disk.
319. [ERROR] image_to_index_mapping | all_markers_shot_20260528_153435
   The index contains a record for an image that does not exist on disk.
320. [ERROR] image_to_index_mapping | all_markers_shot_20260528_153509
   The index contains a record for an image that does not exist on disk.
321. [ERROR] image_to_index_mapping | all_markers_shot_20260528_142155
   The index contains a record for an image that does not exist on disk.
322. [ERROR] image_to_index_mapping | all_markers_shot_20260528_142307
   The index contains a record for an image that does not exist on disk.
323. [ERROR] image_to_index_mapping | all_markers_shot_20260528_142350
   The index contains a record for an image that does not exist on disk.
324. [ERROR] image_to_index_mapping | all_markers_shot_20260528_142411
   The index contains a record for an image that does not exist on disk.
325. [ERROR] image_to_index_mapping | all_markers_shot_20260528_142423
   The index contains a record for an image that does not exist on disk.
326. [ERROR] image_to_index_mapping | all_markers_shot_20260528_142624
   The index contains a record for an image that does not exist on disk.
327. [ERROR] image_to_index_mapping | all_markers_shot_20260528_154242
   The index contains a record for an image that does not exist on disk.
328. [ERROR] image_to_index_mapping | all_markers_shot_20260528_154312
   The index contains a record for an image that does not exist on disk.
329. [ERROR] image_to_index_mapping | all_markers_shot_20260528_154324
   The index contains a record for an image that does not exist on disk.
330. [ERROR] image_to_index_mapping | all_markers_shot_20260528_153819
   The index contains a record for an image that does not exist on disk.
331. [ERROR] image_to_index_mapping | all_markers_shot_20260528_153923
   The index contains a record for an image that does not exist on disk.
332. [ERROR] image_to_index_mapping | all_markers_shot_20260528_154034
   The index contains a record for an image that does not exist on disk.
333. [ERROR] image_to_index_mapping | all_markers_shot_20260528_154156
   The index contains a record for an image that does not exist on disk.
334. [ERROR] image_to_index_mapping | all_markers_shot_20260528_154215
   The index contains a record for an image that does not exist on disk.
335. [ERROR] image_to_index_mapping | all_markers_shot_20260528_141313
   The index contains a record for an image that does not exist on disk.
336. [ERROR] image_to_index_mapping | all_markers_shot_20260528_141336
   The index contains a record for an image that does not exist on disk.
337. [ERROR] image_to_index_mapping | all_markers_shot_20260528_141439
   The index contains a record for an image that does not exist on disk.
338. [ERROR] image_to_index_mapping | all_markers_shot_20260528_141635
   The index contains a record for an image that does not exist on disk.
339. [ERROR] image_to_index_mapping | all_markers_shot_20260528_141750
   The index contains a record for an image that does not exist on disk.
340. [ERROR] image_to_index_mapping | all_markers_shot_20260528_141804
   The index contains a record for an image that does not exist on disk.
341. [ERROR] image_to_index_mapping | all_markers_shot_20260528_141825
   The index contains a record for an image that does not exist on disk.
342. [ERROR] image_to_index_mapping | all_markers_shot_20260528_141835
   The index contains a record for an image that does not exist on disk.
343. [ERROR] image_to_index_mapping | all_markers_shot_20260528_141043
   The index contains a record for an image that does not exist on disk.
344. [ERROR] image_to_index_mapping | all_markers_shot_20260528_141142
   The index contains a record for an image that does not exist on disk.
345. [ERROR] image_to_index_mapping | all_markers_shot_20260528_141245
   The index contains a record for an image that does not exist on disk.
346. [ERROR] image_to_index_mapping | all_markers_shot_20260528_140355
   The index contains a record for an image that does not exist on disk.
347. [ERROR] image_to_index_mapping | all_markers_shot_20260528_140442
   The index contains a record for an image that does not exist on disk.
348. [ERROR] image_to_index_mapping | all_markers_shot_20260528_140549
   The index contains a record for an image that does not exist on disk.
349. [ERROR] image_to_index_mapping | all_markers_shot_20260528_140658
   The index contains a record for an image that does not exist on disk.
350. [ERROR] image_to_index_mapping | all_markers_shot_20260528_140805
   The index contains a record for an image that does not exist on disk.
351. [ERROR] image_to_index_mapping | all_markers_shot_20260528_140833
   The index contains a record for an image that does not exist on disk.
352. [ERROR] image_to_index_mapping | all_markers_shot_20260519_145708
   The index contains a record for an image that does not exist on disk.
353. [ERROR] image_to_index_mapping | all_markers_shot_20260519_145832
   The index contains a record for an image that does not exist on disk.
354. [ERROR] image_to_index_mapping | all_markers_shot_20260519_145855
   The index contains a record for an image that does not exist on disk.
355. [ERROR] image_to_index_mapping | all_markers_shot_20260519_145908
   The index contains a record for an image that does not exist on disk.
356. [ERROR] image_to_index_mapping | all_markers_shot_20260519_145921
   The index contains a record for an image that does not exist on disk.
357. [ERROR] image_to_index_mapping | all_markers_shot_20260519_150121
   The index contains a record for an image that does not exist on disk.
358. [ERROR] image_to_index_mapping | all_markers_shot_20260519_150202
   The index contains a record for an image that does not exist on disk.
359. [ERROR] image_to_index_mapping | all_markers_shot_20260519_150223
   The index contains a record for an image that does not exist on disk.
360. [ERROR] image_to_index_mapping | all_markers_shot_20260519_150314
   The index contains a record for an image that does not exist on disk.
361. [ERROR] image_to_index_mapping | all_markers_shot_20260519_150457
   The index contains a record for an image that does not exist on disk.
362. [ERROR] image_to_index_mapping | all_markers_shot_20260519_161555
   The index contains a record for an image that does not exist on disk.
363. [ERROR] image_to_index_mapping | all_markers_shot_20260519_161730
   The index contains a record for an image that does not exist on disk.
364. [ERROR] image_to_index_mapping | all_markers_shot_20260519_161830
   The index contains a record for an image that does not exist on disk.
365. [ERROR] image_to_index_mapping | all_markers_shot_20260519_162017
   The index contains a record for an image that does not exist on disk.
366. [ERROR] image_to_index_mapping | all_markers_shot_20260519_162111
   The index contains a record for an image that does not exist on disk.
367. [ERROR] image_to_index_mapping | all_markers_shot_20260519_162156
   The index contains a record for an image that does not exist on disk.
368. [ERROR] image_to_index_mapping | all_markers_shot_20260519_162238
   The index contains a record for an image that does not exist on disk.
369. [ERROR] image_to_index_mapping | all_markers_shot_20260519_162258
   The index contains a record for an image that does not exist on disk.
370. [ERROR] image_to_index_mapping | all_markers_shot_20260519_145557
   The index contains a record for an image that does not exist on disk.
371. [ERROR] image_to_index_mapping | all_markers_shot_20260519_160621
   The index contains a record for an image that does not exist on disk.
372. [ERROR] image_to_index_mapping | all_markers_shot_20260519_160655
   The index contains a record for an image that does not exist on disk.
373. [ERROR] image_to_index_mapping | all_markers_shot_20260519_160745
   The index contains a record for an image that does not exist on disk.
374. [ERROR] image_to_index_mapping | all_markers_shot_20260519_160821
   The index contains a record for an image that does not exist on disk.
375. [ERROR] image_to_index_mapping | all_markers_shot_20260519_161032
   The index contains a record for an image that does not exist on disk.
376. [ERROR] image_to_index_mapping | all_markers_shot_20260519_161134
   The index contains a record for an image that does not exist on disk.
377. [ERROR] image_to_index_mapping | all_markers_shot_20260519_161238
   The index contains a record for an image that does not exist on disk.
378. [ERROR] image_to_index_mapping | all_markers_shot_20260519_161323
   The index contains a record for an image that does not exist on disk.
379. [ERROR] image_to_index_mapping | all_markers_shot_20260519_161345
   The index contains a record for an image that does not exist on disk.
380. [ERROR] image_to_index_mapping | all_markers_shot_20260519_161440
   The index contains a record for an image that does not exist on disk.
381. [ERROR] image_to_index_mapping | all_markers_shot_20260519_165109
   The index contains a record for an image that does not exist on disk.
382. [ERROR] image_to_index_mapping | all_markers_shot_20260519_165159
   The index contains a record for an image that does not exist on disk.
383. [ERROR] image_to_index_mapping | all_markers_shot_20260519_165315
   The index contains a record for an image that does not exist on disk.
384. [ERROR] image_to_index_mapping | all_markers_shot_20260519_165423
   The index contains a record for an image that does not exist on disk.
385. [ERROR] image_to_index_mapping | all_markers_shot_20260519_164839
   The index contains a record for an image that does not exist on disk.
386. [ERROR] image_to_index_mapping | all_markers_shot_20260519_164945
   The index contains a record for an image that does not exist on disk.
387. [ERROR] image_to_index_mapping | all_markers_shot_20260519_165026
   The index contains a record for an image that does not exist on disk.
388. [ERROR] image_to_index_mapping | all_markers_shot_20260519_165527
   The index contains a record for an image that does not exist on disk.
389. [ERROR] image_to_index_mapping | all_markers_shot_20260519_165612
   The index contains a record for an image that does not exist on disk.
390. [ERROR] image_to_index_mapping | all_markers_shot_20260519_165726
   The index contains a record for an image that does not exist on disk.
391. [ERROR] image_to_index_mapping | all_markers_shot_20260519_165756
   The index contains a record for an image that does not exist on disk.
392. [ERROR] image_to_index_mapping | all_markers_shot_20260519_144512
   The index contains a record for an image that does not exist on disk.
393. [ERROR] image_to_index_mapping | all_markers_shot_20260519_144603
   The index contains a record for an image that does not exist on disk.
394. [ERROR] image_to_index_mapping | all_markers_shot_20260519_144922
   The index contains a record for an image that does not exist on disk.
395. [ERROR] image_to_index_mapping | all_markers_shot_20260519_145025
   The index contains a record for an image that does not exist on disk.
396. [ERROR] image_to_index_mapping | all_markers_shot_20260519_145134
   The index contains a record for an image that does not exist on disk.
397. [ERROR] image_to_index_mapping | all_markers_shot_20260519_145218
   The index contains a record for an image that does not exist on disk.
398. [ERROR] image_to_index_mapping | all_markers_shot_20260519_145308
   The index contains a record for an image that does not exist on disk.
399. [ERROR] image_to_index_mapping | all_markers_shot_20260519_145328
   The index contains a record for an image that does not exist on disk.
400. [ERROR] image_to_index_mapping | all_markers_shot_20260519_145414
   The index contains a record for an image that does not exist on disk.
401. [ERROR] image_to_index_mapping | all_markers_shot_20260519_160502
   The index contains a record for an image that does not exist on disk.
402. [ERROR] image_to_index_mapping | all_markers_shot_20260519_160531
   The index contains a record for an image that does not exist on disk.
403. [ERROR] image_to_index_mapping | all_markers_shot_20260519_160232
   The index contains a record for an image that does not exist on disk.
404. [ERROR] image_to_index_mapping | all_markers_shot_20260519_160313
   The index contains a record for an image that does not exist on disk.
405. [ERROR] image_to_index_mapping | all_markers_shot_20260519_143742
   The index contains a record for an image that does not exist on disk.
406. [ERROR] image_to_index_mapping | all_markers_shot_20260519_144013
   The index contains a record for an image that does not exist on disk.
407. [ERROR] image_to_index_mapping | all_markers_shot_20260519_144128
   The index contains a record for an image that does not exist on disk.
408. [ERROR] image_to_index_mapping | all_markers_shot_20260519_144320
   The index contains a record for an image that does not exist on disk.
409. [ERROR] image_to_index_mapping | all_markers_shot_20260519_144422
   The index contains a record for an image that does not exist on disk.
410. [ERROR] image_to_index_mapping | all_markers_shot_20260519_144438
   The index contains a record for an image that does not exist on disk.
411. [ERROR] image_to_index_mapping | all_markers_shot_20260519_164456
   The index contains a record for an image that does not exist on disk.
412. [ERROR] image_to_index_mapping | all_markers_shot_20260519_155714
   The index contains a record for an image that does not exist on disk.
413. [ERROR] image_to_index_mapping | all_markers_shot_20260519_155853
   The index contains a record for an image that does not exist on disk.
414. [ERROR] image_to_index_mapping | all_markers_shot_20260519_155914
   The index contains a record for an image that does not exist on disk.
415. [ERROR] image_to_index_mapping | all_markers_shot_20260519_155956
   The index contains a record for an image that does not exist on disk.
416. [ERROR] image_to_index_mapping | all_markers_shot_20260519_163155
   The index contains a record for an image that does not exist on disk.
417. [ERROR] image_to_index_mapping | all_markers_shot_20260519_163311
   The index contains a record for an image that does not exist on disk.
418. [ERROR] image_to_index_mapping | all_markers_shot_20260519_163352
   The index contains a record for an image that does not exist on disk.
419. [ERROR] image_to_index_mapping | all_markers_shot_20260519_163428
   The index contains a record for an image that does not exist on disk.
420. [ERROR] image_to_index_mapping | all_markers_shot_20260519_163501
   The index contains a record for an image that does not exist on disk.
421. [ERROR] image_to_index_mapping | all_markers_shot_20260519_163545
   The index contains a record for an image that does not exist on disk.
422. [ERROR] image_to_index_mapping | all_markers_shot_20260519_163607
   The index contains a record for an image that does not exist on disk.
423. [ERROR] image_to_index_mapping | all_markers_shot_20260519_163636
   The index contains a record for an image that does not exist on disk.
424. [ERROR] image_to_index_mapping | all_markers_shot_20260519_142948
   The index contains a record for an image that does not exist on disk.
425. [ERROR] image_to_index_mapping | all_markers_shot_20260519_143020
   The index contains a record for an image that does not exist on disk.
426. [ERROR] image_to_index_mapping | all_markers_shot_20260519_143120
   The index contains a record for an image that does not exist on disk.
427. [ERROR] image_to_index_mapping | all_markers_shot_20260519_143242
   The index contains a record for an image that does not exist on disk.
428. [ERROR] image_to_index_mapping | all_markers_shot_20260519_143257
   The index contains a record for an image that does not exist on disk.
429. [ERROR] image_to_index_mapping | all_markers_shot_20260519_143349
   The index contains a record for an image that does not exist on disk.
430. [ERROR] image_to_index_mapping | all_markers_shot_20260519_143445
   The index contains a record for an image that does not exist on disk.
431. [ERROR] image_to_index_mapping | all_markers_shot_20260519_163718
   The index contains a record for an image that does not exist on disk.
432. [ERROR] image_to_index_mapping | all_markers_shot_20260519_163827
   The index contains a record for an image that does not exist on disk.
433. [ERROR] image_to_index_mapping | all_markers_shot_20260519_163940
   The index contains a record for an image that does not exist on disk.
434. [ERROR] image_to_index_mapping | all_markers_shot_20260519_164014
   The index contains a record for an image that does not exist on disk.
435. [ERROR] image_to_index_mapping | all_markers_shot_20260519_164117
   The index contains a record for an image that does not exist on disk.
436. [ERROR] image_to_index_mapping | all_markers_shot_20260519_164201
   The index contains a record for an image that does not exist on disk.
437. [ERROR] image_to_index_mapping | all_markers_shot_20260519_164242
   The index contains a record for an image that does not exist on disk.
438. [ERROR] image_to_index_mapping | all_markers_shot_20260519_164334
   The index contains a record for an image that does not exist on disk.
439. [ERROR] image_to_index_mapping | all_markers_shot_20260519_153221
   The index contains a record for an image that does not exist on disk.
440. [ERROR] image_to_index_mapping | all_markers_shot_20260519_153321
   The index contains a record for an image that does not exist on disk.
441. [ERROR] image_to_index_mapping | all_markers_shot_20260519_153338
   The index contains a record for an image that does not exist on disk.
442. [ERROR] image_to_index_mapping | all_markers_shot_20260519_153357
   The index contains a record for an image that does not exist on disk.
443. [ERROR] image_to_index_mapping | all_markers_shot_20260519_153526
   The index contains a record for an image that does not exist on disk.
444. [ERROR] image_to_index_mapping | all_markers_shot_20260519_153554
   The index contains a record for an image that does not exist on disk.
445. [ERROR] image_to_index_mapping | all_markers_shot_20260519_153706
   The index contains a record for an image that does not exist on disk.
446. [ERROR] image_to_index_mapping | all_markers_shot_20260519_153825
   The index contains a record for an image that does not exist on disk.
447. [ERROR] image_to_index_mapping | all_markers_shot_20260519_153910
   The index contains a record for an image that does not exist on disk.
448. [ERROR] image_to_index_mapping | all_markers_shot_20260519_153953
   The index contains a record for an image that does not exist on disk.
449. [ERROR] image_to_index_mapping | all_markers_shot_20260519_154013
   The index contains a record for an image that does not exist on disk.
450. [ERROR] image_to_index_mapping | all_markers_shot_20260519_154149
   The index contains a record for an image that does not exist on disk.
451. [ERROR] image_to_index_mapping | all_markers_shot_20260519_154227
   The index contains a record for an image that does not exist on disk.
452. [ERROR] image_to_index_mapping | all_markers_shot_20260519_141957
   The index contains a record for an image that does not exist on disk.
453. [ERROR] image_to_index_mapping | all_markers_shot_20260519_142049
   The index contains a record for an image that does not exist on disk.
454. [ERROR] image_to_index_mapping | all_markers_shot_20260519_142232
   The index contains a record for an image that does not exist on disk.
455. [ERROR] image_to_index_mapping | all_markers_shot_20260519_142311
   The index contains a record for an image that does not exist on disk.
456. [ERROR] image_to_index_mapping | all_markers_shot_20260519_142355
   The index contains a record for an image that does not exist on disk.
457. [ERROR] image_to_index_mapping | all_markers_shot_20260519_142452
   The index contains a record for an image that does not exist on disk.
458. [ERROR] image_to_index_mapping | all_markers_shot_20260519_142554
   The index contains a record for an image that does not exist on disk.
459. [ERROR] image_to_index_mapping | all_markers_shot_20260519_142638
   The index contains a record for an image that does not exist on disk.
460. [ERROR] image_to_index_mapping | all_markers_shot_20260519_142744
   The index contains a record for an image that does not exist on disk.
461. [ERROR] image_to_index_mapping | all_markers_shot_20260519_155340
   The index contains a record for an image that does not exist on disk.
462. [ERROR] image_to_index_mapping | all_markers_shot_20260519_155619
   The index contains a record for an image that does not exist on disk.
463. [ERROR] image_to_index_mapping | all_markers_shot_20260519_155014
   The index contains a record for an image that does not exist on disk.
464. [ERROR] image_to_index_mapping | all_markers_shot_20260519_155046
   The index contains a record for an image that does not exist on disk.
465. [ERROR] image_to_index_mapping | all_markers_shot_20260519_155139
   The index contains a record for an image that does not exist on disk.
466. [ERROR] image_to_index_mapping | all_markers_shot_20260519_155208
   The index contains a record for an image that does not exist on disk.
467. [ERROR] image_to_index_mapping | all_markers_shot_20260519_155246
   The index contains a record for an image that does not exist on disk.
468. [ERROR] image_to_index_mapping | all_markers_shot_20260519_141216
   The index contains a record for an image that does not exist on disk.
469. [ERROR] image_to_index_mapping | all_markers_shot_20260519_141508
   The index contains a record for an image that does not exist on disk.
470. [ERROR] image_to_index_mapping | all_markers_shot_20260519_141613
   The index contains a record for an image that does not exist on disk.
471. [ERROR] image_to_index_mapping | all_markers_shot_20260519_141650
   The index contains a record for an image that does not exist on disk.
472. [ERROR] image_to_index_mapping | all_markers_shot_20260519_141858
   The index contains a record for an image that does not exist on disk.
473. [ERROR] image_to_index_mapping | all_markers_shot_20260528_145423
   The index contains a record for an image that does not exist on disk.
474. [ERROR] image_to_index_mapping | all_markers_shot_20260528_143813
   The index contains a record for an image that does not exist on disk.
475. [ERROR] image_to_index_mapping | all_markers_shot_20260519_160931
   The index contains a record for an image that does not exist on disk.
476. [ERROR] image_to_index_mapping | all_markers_shot_20260519_163245
   The index contains a record for an image that does not exist on disk.
477. [ERROR] image_to_index_mapping | all_markers_shot_20260519_154511
   The index contains a record for an image that does not exist on disk.
478. [ERROR] image_to_index_mapping | all_markers_shot_20260519_154626
   The index contains a record for an image that does not exist on disk.
479. [ERROR] image_to_index_mapping | all_markers_shot_20260519_154809
   The index contains a record for an image that does not exist on disk.
480. [ERROR] image_to_index_mapping | all_markers_shot_20260519_154945
   The index contains a record for an image that does not exist on disk.
