DATA CONSUMED AUDIT REPORT
Generated: 2026-08-29T01:24:19

Image files checked: 366
Indexed images checked: 366
Issues found: 24

Issues:
1. [ERROR] zero_consumption_and_missing_mask | 68ebe3f2__all_markers_shot_20260528_143834.jpg
   pct_vanilla_pudding is 0 but the polygon label 'vanilla_pudding' is missing from polygon_labels.
2. [ERROR] zero_consumption_and_missing_mask | 038be616__all_markers_shot_20260528_141313.jpg
   pct_vanilla_pudding is 0 but the polygon label 'vanilla_pudding' is missing from polygon_labels.
3. [ERROR] zero_consumption_and_missing_mask | ff0fc3f5__all_markers_shot_20260528_141336.jpg
   pct_vanilla_pudding is 0 but the polygon label 'vanilla_pudding' is missing from polygon_labels.
4. [ERROR] zero_consumption_and_missing_mask | 5b2fdbf3__all_markers_shot_20260528_141439.jpg
   pct_vanilla_pudding is 0 but the polygon label 'vanilla_pudding' is missing from polygon_labels.
5. [ERROR] zero_consumption_and_missing_mask | f9141b3c__all_markers_shot_20260528_141635.jpg
   pct_vanilla_pudding is 0 but the polygon label 'vanilla_pudding' is missing from polygon_labels.
6. [ERROR] zero_consumption_and_missing_mask | 0a5ec2d2__all_markers_shot_20260528_141750.jpg
   pct_vanilla_pudding is 0 but the polygon label 'vanilla_pudding' is missing from polygon_labels.
7. [ERROR] zero_consumption_and_missing_mask | 886259b8__all_markers_shot_20260528_141804.jpg
   pct_vanilla_pudding is 0 but the polygon label 'vanilla_pudding' is missing from polygon_labels.
8. [ERROR] zero_consumption_and_missing_mask | e67d4982__all_markers_shot_20260528_141825.jpg
   pct_vanilla_pudding is 0 but the polygon label 'vanilla_pudding' is missing from polygon_labels.
9. [ERROR] zero_consumption_and_missing_mask | 3d22a3f9__all_markers_shot_20260528_141835.jpg
   pct_vanilla_pudding is 0 but the polygon label 'vanilla_pudding' is missing from polygon_labels.
10. [ERROR] zero_consumption_and_missing_mask | 807dacfd__all_markers_shot_20260529_165104.jpg
   pct_vanilla_pudding is 0 but the polygon label 'vanilla_pudding' is missing from polygon_labels.
11. [ERROR] zero_consumption_and_missing_mask | 0f718331__all_markers_shot_20260519_145218.jpg
   pct_vanilla_pudding is 0 but the polygon label 'vanilla_pudding' is missing from polygon_labels.
12. [ERROR] zero_consumption_and_missing_mask | 0287feb9__all_markers_shot_20260519_143742.jpg
   pct_vanilla_pudding is 0 but the polygon label 'vanilla_pudding' is missing from polygon_labels.
13. [ERROR] zero_consumption_and_missing_mask | 13d3da77__all_markers_shot_20260519_144013.jpg
   pct_vanilla_pudding is 0 but the polygon label 'vanilla_pudding' is missing from polygon_labels.
14. [ERROR] zero_consumption_and_missing_mask | a6e3a794__all_markers_shot_20260519_144422.jpg
   pct_vanilla_pudding is 0 but the polygon label 'vanilla_pudding' is missing from polygon_labels.
15. [ERROR] zero_consumption_and_missing_mask | 10cb2adb__all_markers_shot_20260519_142948.jpg
   pct_vanilla_pudding is 0 but the polygon label 'vanilla_pudding' is missing from polygon_labels.
16. [ERROR] zero_consumption_and_missing_mask | 87f3f88b__all_markers_shot_20260519_143020.jpg
   pct_vanilla_pudding is 0 but the polygon label 'vanilla_pudding' is missing from polygon_labels.
17. [ERROR] zero_consumption_and_missing_mask | 7eafd829__all_markers_shot_20260519_143120.jpg
   pct_vanilla_pudding is 0 but the polygon label 'vanilla_pudding' is missing from polygon_labels.
18. [ERROR] zero_consumption_and_missing_mask | 68c15968__all_markers_shot_20260519_143242.jpg
   pct_vanilla_pudding is 0 but the polygon label 'vanilla_pudding' is missing from polygon_labels.
19. [ERROR] zero_consumption_and_missing_mask | b842a783__all_markers_shot_20260519_143257.jpg
   pct_vanilla_pudding is 0 but the polygon label 'vanilla_pudding' is missing from polygon_labels.
20. [ERROR] zero_consumption_and_missing_mask | 2c731317__all_markers_shot_20260519_143349.jpg
   pct_vanilla_pudding is 0 but the polygon label 'vanilla_pudding' is missing from polygon_labels.
21. [ERROR] zero_consumption_and_missing_mask | ef98c35b__all_markers_shot_20260519_143445.jpg
   pct_vanilla_pudding is 0 but the polygon label 'vanilla_pudding' is missing from polygon_labels.
22. [ERROR] zero_consumption_and_missing_mask | e81e6a0a__all_markers_shot_20260520_170514.jpg
   pct_vanilla_pudding is 0 but the polygon label 'vanilla_pudding' is missing from polygon_labels.
23. [ERROR] zero_consumption_and_missing_mask | 3db414a9__all_markers_shot_20260520_170623.jpg
   pct_vanilla_pudding is 0 but the polygon label 'vanilla_pudding' is missing from polygon_labels.
24. [ERROR] zero_consumption_and_missing_mask | e734603b__all_markers_shot_20260520_170714.jpg
   pct_vanilla_pudding is 0 but the polygon label 'vanilla_pudding' is missing from polygon_labels.
